// Jest Snapshot v1, https://goo.gl/fbAQLP

exports[`create commuity creates a community 1`] = `
{
  "data": {
    "createCommunity": {
      "__typename": "Community",
      "id": Any<String>,
      "name": "Test Community",
    },
  },
}
`;
